<?xml version="1.0" encoding="UTF-8"?>
<a xsi:type="tns2:aT" xmlns:xsi="http://www.w3.org/2001/XMLSchema-instance" xmlns:tns2="test">
  <tns2:a1>test data</tns2:a1>
</a>
