<?xml version="1.0" encoding="UTF-8"?>
<X xmlns:xsi="http://www.w3.org/2001/XMLSchema-instance">
  <abstract xsi:type="concreteType"/>
</X>
